mode: set
github.com/amatsagu/dema/condition.go:15.2,15.14 1 1
github.com/amatsagu/dema/condition.go:16.3,17.1 1 1
github.com/amatsagu/dema/condition.go:18.2,18.37 1 1
github.com/amatsagu/dema/condition.go:19.3,20.17 2 1
github.com/amatsagu/dema/condition.go:21.4,22.1 1 1
github.com/amatsagu/dema/condition.go:24.2,24.25 1 1
github.com/amatsagu/dema/condition.go:26.3,26.21 1 1
github.com/amatsagu/dema/condition.go:28.3,28.11 1 1
github.com/amatsagu/dema/condition.go:37.36,37.47 1 1
github.com/amatsagu/dema/condition.go:39.2,44.1 5 1
github.com/amatsagu/dema/condition.go:46.2,48.1 2 1
github.com/amatsagu/dema/condition.go:50.2,51.1 1 1
github.com/amatsagu/dema/condition.go:54.2,55.1 1 1
github.com/amatsagu/dema/condition.go:62.38,62.49 1 1
github.com/amatsagu/dema/condition.go:64.2,69.1 5 1
github.com/amatsagu/dema/condition.go:71.2,73.1 2 1
github.com/amatsagu/dema/condition.go:75.2,76.1 1 1
github.com/amatsagu/dema/condition.go:79.2,80.1 1 1
github.com/amatsagu/dema/condition.go:87.37,87.48 1 1
github.com/amatsagu/dema/condition.go:89.2,94.1 5 1
github.com/amatsagu/dema/condition.go:96.2,98.1 2 1
github.com/amatsagu/dema/condition.go:100.2,101.1 1 1
github.com/amatsagu/dema/condition.go:104.2,105.1 1 1
github.com/amatsagu/dema/condition.go:112.37,112.48 1 1
github.com/amatsagu/dema/condition.go:114.2,119.1 5 1
github.com/amatsagu/dema/condition.go:121.2,121.22 1 1
github.com/amatsagu/dema/condition.go:122.3,124.1 2 1
github.com/amatsagu/dema/condition.go:125.2,127.24 3 1
github.com/amatsagu/dema/condition.go:128.3,128.12 1 1
github.com/amatsagu/dema/condition.go:129.4,130.1 1 1
github.com/amatsagu/dema/condition.go:131.3,131.22 1 1
github.com/amatsagu/dema/condition.go:133.2,133.21 1 1
github.com/amatsagu/dema/condition.go:136.2,136.27 1 1
github.com/amatsagu/dema/condition.go:137.3,138.1 1 1
github.com/amatsagu/dema/condition.go:139.2,139.13 1 1
github.com/amatsagu/dema/condition.go:143.2,144.27 2 1
github.com/amatsagu/dema/condition.go:145.3,146.1 1 1
github.com/amatsagu/dema/condition.go:147.2,147.48 1 1
github.com/amatsagu/dema/condition.go:155.40,155.51 1 1
github.com/amatsagu/dema/condition.go:157.2,162.1 5 1
github.com/amatsagu/dema/condition.go:164.2,164.22 1 1
github.com/amatsagu/dema/condition.go:165.3,167.1 2 1
github.com/amatsagu/dema/condition.go:168.2,170.24 3 1
github.com/amatsagu/dema/condition.go:171.3,171.12 1 1
github.com/amatsagu/dema/condition.go:172.4,173.1 1 1
github.com/amatsagu/dema/condition.go:174.3,174.22 1 1
github.com/amatsagu/dema/condition.go:176.2,176.21 1 1
github.com/amatsagu/dema/condition.go:179.2,179.27 1 1
github.com/amatsagu/dema/condition.go:180.3,181.1 1 1
github.com/amatsagu/dema/condition.go:182.2,182.13 1 1
github.com/amatsagu/dema/condition.go:186.2,187.27 2 1
github.com/amatsagu/dema/condition.go:188.3,189.1 1 1
github.com/amatsagu/dema/condition.go:190.2,190.51 1 1
github.com/amatsagu/dema/condition.go:199.36,199.47 1 1
github.com/amatsagu/dema/condition.go:201.2,206.1 5 1
github.com/amatsagu/dema/condition.go:208.2,210.1 2 1
github.com/amatsagu/dema/condition.go:212.2,213.1 1 1
github.com/amatsagu/dema/condition.go:216.2,217.1 1 1
github.com/amatsagu/dema/condition.go:225.43,225.54 1 1
github.com/amatsagu/dema/condition.go:227.2,232.1 5 1
github.com/amatsagu/dema/condition.go:234.2,236.1 2 1
github.com/amatsagu/dema/condition.go:238.2,239.1 1 1
github.com/amatsagu/dema/condition.go:242.2,243.1 1 1
github.com/amatsagu/dema/condition.go:251.37,251.47 1 1
github.com/amatsagu/dema/condition.go:253.2,258.1 5 1
github.com/amatsagu/dema/condition.go:260.2,260.30 1 1
github.com/amatsagu/dema/condition.go:261.3,262.1 1 1
github.com/amatsagu/dema/condition.go:263.2,263.16 1 1
github.com/amatsagu/dema/condition.go:264.3,266.1 2 1
github.com/amatsagu/dema/condition.go:267.2,267.16 1 1
github.com/amatsagu/dema/condition.go:268.3,270.1 2 1
github.com/amatsagu/dema/condition.go:271.2,277.21 7 1
github.com/amatsagu/dema/condition.go:280.2,280.16 1 1
github.com/amatsagu/dema/condition.go:281.3,282.1 1 1
github.com/amatsagu/dema/condition.go:283.2,283.16 1 1
github.com/amatsagu/dema/condition.go:284.3,285.1 1 1
github.com/amatsagu/dema/condition.go:286.2,286.13 1 1
github.com/amatsagu/dema/condition.go:290.2,290.14 1 1
github.com/amatsagu/dema/condition.go:291.3,292.1 1 1
github.com/amatsagu/dema/condition.go:293.2,293.14 1 1
github.com/amatsagu/dema/condition.go:294.3,295.1 1 1
github.com/amatsagu/dema/condition.go:296.2,296.41 1 1
github.com/amatsagu/dema/condition.go:300.2,300.14 1 1
github.com/amatsagu/dema/condition.go:301.3,302.1 1 1
github.com/amatsagu/dema/condition.go:303.2,303.14 1 1
github.com/amatsagu/dema/condition.go:304.3,305.1 1 1
github.com/amatsagu/dema/condition.go:306.2,306.42 1 1
github.com/amatsagu/dema/condition.go:310.2,310.14 1 1
github.com/amatsagu/dema/condition.go:311.3,312.1 1 1
github.com/amatsagu/dema/condition.go:313.2,316.25 4 1
github.com/amatsagu/dema/delete.go:18.2,20.1 1 1
github.com/amatsagu/dema/delete.go:24.2,26.1 2 1
github.com/amatsagu/dema/delete.go:29.2,31.1 3 1
github.com/amatsagu/dema/delete.go:32.2,32.27 3 1
github.com/amatsagu/dema/delete.go:33.3,33.26 1 1
github.com/amatsagu/dema/delete.go:35.4,35.16 1 1
github.com/amatsagu/dema/delete.go:36.5,37.1 1 1
github.com/amatsagu/dema/delete.go:39.4,39.13 1 1
github.com/amatsagu/dema/delete.go:43.2,45.35 3 1
github.com/amatsagu/dema/delete.go:46.3,47.1 1 1
github.com/amatsagu/dema/delete.go:49.2,50.16 2 1
github.com/amatsagu/dema/delete.go:51.3,52.1 1 1
github.com/amatsagu/dema/delete.go:54.2,54.19 1 1
github.com/amatsagu/dema/delete.go:55.3,59.1 1 1
github.com/amatsagu/dema/delete.go:61.2,61.27 1 1
github.com/amatsagu/dema/delete.go:62.3,62.45 1 1
github.com/amatsagu/dema/delete.go:63.4,67.1 1 1
github.com/amatsagu/dema/delete.go:70.2,71.16 2 1
github.com/amatsagu/dema/delete.go:72.3,76.1 1 1
github.com/amatsagu/dema/delete.go:77.2,78.1 2 1
github.com/amatsagu/dema/delete.go:79.2,79.46 2 1
github.com/amatsagu/dema/delete.go:83.2,86.1 14 1
github.com/amatsagu/dema/delete.go:87.2,89.1 14 1
github.com/amatsagu/dema/delete.go:90.2,96.1 14 1
github.com/amatsagu/dema/delete.go:97.2,98.1 14 1
github.com/amatsagu/dema/delete.go:99.2,100.11 14 1
github.com/amatsagu/dema/delete.go:101.3,102.1 1 1
github.com/amatsagu/dema/delete.go:103.3,104.1 1 1
github.com/amatsagu/dema/delete.go:106.2,106.16 1 1
github.com/amatsagu/dema/delete.go:107.3,111.1 1 1
github.com/amatsagu/dema/delete.go:112.2,112.12 1 1
github.com/amatsagu/dema/dema.go:26.2,28.1 3 1
github.com/amatsagu/dema/dema.go:29.2,29.27 3 1
github.com/amatsagu/dema/dema.go:30.3,30.26 1 1
github.com/amatsagu/dema/dema.go:32.4,32.13 1 1
github.com/amatsagu/dema/dema.go:33.5,34.1 1 1
github.com/amatsagu/dema/dema.go:36.4,36.18 1 1
github.com/amatsagu/dema/dema.go:40.2,40.20 1 1
github.com/amatsagu/dema/dema.go:41.3,42.1 1 1
github.com/amatsagu/dema/dema.go:44.2,44.24 1 1
github.com/amatsagu/dema/dema.go:45.3,48.1 3 1
github.com/amatsagu/dema/dema.go:48.9,48.45 1 1
github.com/amatsagu/dema/dema.go:49.3,50.1 1 1
github.com/amatsagu/dema/dema.go:52.2,56.16 2 1
github.com/amatsagu/dema/dema.go:57.3,61.1 1 1
github.com/amatsagu/dema/dema.go:63.2,67.1 4 1
github.com/amatsagu/dema/dema.go:68.2,69.16 4 1
github.com/amatsagu/dema/dema.go:73.2,75.1 3 1
github.com/amatsagu/dema/dema.go:76.2,76.15 3 1
github.com/amatsagu/dema/dema.go:77.3,78.1 1 1
github.com/amatsagu/dema/dema.go:79.2,80.1 2 1
github.com/amatsagu/dema/dema.go:81.2,81.40 2 1
github.com/amatsagu/dema/dema.go:82.3,86.1 1 0
github.com/amatsagu/dema/dema.go:87.2,87.12 1 1
github.com/amatsagu/dema/dema.go:91.2,93.1 5 1
github.com/amatsagu/dema/dema.go:94.2,96.16 5 1
github.com/amatsagu/dema/dema.go:97.3,97.42 1 1
github.com/amatsagu/dema/dema.go:99.2,99.35 1 1
github.com/amatsagu/dema/dema.go:100.3,101.1 1 1
github.com/amatsagu/dema/dema.go:102.2,102.34 1 1
github.com/amatsagu/dema/dema.go:103.3,103.75 1 1
github.com/amatsagu/dema/dema.go:106.2,106.41 1 1
github.com/amatsagu/dema/dema.go:107.3,107.84 1 1
github.com/amatsagu/dema/dema.go:110.2,111.16 2 1
github.com/amatsagu/dema/dema.go:112.3,112.13 1 1
github.com/amatsagu/dema/dema.go:115.2,117.30 3 1
github.com/amatsagu/dema/dema.go:118.3,119.1 1 1
github.com/amatsagu/dema/dema.go:120.2,120.31 1 1
github.com/amatsagu/dema/dema.go:124.2,124.42 1 1
github.com/amatsagu/dema/dema.go:125.3,125.32 1 1
github.com/amatsagu/dema/dema.go:126.4,127.1 1 1
github.com/amatsagu/dema/dema.go:130.2,133.47 1 1
github.com/amatsagu/dema/execpool.go:12.3,14.1 1 1
github.com/amatsagu/dema/execpool.go:19.2,20.1 1 1
github.com/amatsagu/dema/execpool.go:23.2,26.1 3 1
github.com/amatsagu/dema/execpool.go:33.2,34.1 1 1
github.com/amatsagu/dema/execpool.go:37.2,38.1 1 1
github.com/amatsagu/dema/execpool.go:41.2,42.1 1 1
github.com/amatsagu/dema/execpool.go:45.2,46.1 1 1
github.com/amatsagu/dema/execpool.go:50.3,51.1 1 1
github.com/amatsagu/dema/execpool.go:55.2,58.1 3 1
github.com/amatsagu/dema/execpool.go:61.2,61.25 1 1
github.com/amatsagu/dema/execpool.go:62.3,63.1 1 1
github.com/amatsagu/dema/execpool.go:64.2,64.16 1 1
github.com/amatsagu/dema/field.go:15.2,16.1 1 1
github.com/amatsagu/dema/field.go:19.2,20.1 1 1
github.com/amatsagu/dema/field.go:23.2,24.1 1 1
github.com/amatsagu/dema/insert.go:14.2,14.16 1 1
github.com/amatsagu/dema/insert.go:15.3,16.1 1 0
github.com/amatsagu/dema/insert.go:17.2,18.16 2 1
github.com/amatsagu/dema/insert.go:19.3,20.1 1 0
github.com/amatsagu/dema/insert.go:21.2,22.29 2 1
github.com/amatsagu/dema/insert.go:23.3,24.36 2 1
github.com/amatsagu/dema/insert.go:25.4,26.1 1 0
github.com/amatsagu/dema/insert.go:27.3,28.18 2 1
github.com/amatsagu/dema/insert.go:29.4,30.1 1 0
github.com/amatsagu/dema/insert.go:31.3,31.26 1 1
github.com/amatsagu/dema/insert.go:33.2,33.28 1 1
github.com/amatsagu/dema/insert.go:34.3,36.1 2 1
github.com/amatsagu/dema/insert.go:37.2,37.24 1 1
github.com/amatsagu/dema/insert.go:42.2,42.20 1 1
github.com/amatsagu/dema/insert.go:43.3,44.1 1 1
github.com/amatsagu/dema/insert.go:45.2,47.20 3 1
github.com/amatsagu/dema/insert.go:48.3,49.1 1 1
github.com/amatsagu/dema/insert.go:49.9,49.27 1 1
github.com/amatsagu/dema/insert.go:50.3,50.45 1 1
github.com/amatsagu/dema/insert.go:51.4,51.16 1 1
github.com/amatsagu/dema/insert.go:52.5,53.1 1 1
github.com/amatsagu/dema/insert.go:54.4,54.17 1 1
github.com/amatsagu/dema/insert.go:58.2,58.16 1 1
github.com/amatsagu/dema/insert.go:59.3,59.46 1 1
github.com/amatsagu/dema/insert.go:60.4,61.18 2 1
github.com/amatsagu/dema/insert.go:62.5,63.1 1 1
github.com/amatsagu/dema/insert.go:64.4,64.29 1 1
github.com/amatsagu/dema/insert.go:65.5,67.62 3 1
github.com/amatsagu/dema/insert.go:68.6,72.1 1 1
github.com/amatsagu/dema/insert.go:73.5,73.31 1 1
github.com/amatsagu/dema/insert.go:75.4,76.18 2 1
github.com/amatsagu/dema/insert.go:77.5,81.1 1 1
github.com/amatsagu/dema/insert.go:82.4,83.46 2 1
github.com/amatsagu/dema/insert.go:87.2,88.37 2 1
github.com/amatsagu/dema/insert.go:89.3,90.1 1 0
github.com/amatsagu/dema/insert.go:92.2,94.16 3 1
github.com/amatsagu/dema/insert.go:95.3,96.1 1 0
github.com/amatsagu/dema/insert.go:98.2,98.25 1 1
github.com/amatsagu/dema/insert.go:99.3,99.28 1 1
github.com/amatsagu/dema/insert.go:100.4,102.61 3 0
github.com/amatsagu/dema/insert.go:103.5,107.1 1 0
github.com/amatsagu/dema/insert.go:108.4,108.30 1 0
github.com/amatsagu/dema/insert.go:112.2,113.16 2 1
github.com/amatsagu/dema/insert.go:114.3,118.1 1 0
github.com/amatsagu/dema/insert.go:119.2,120.1 2 1
github.com/amatsagu/dema/insert.go:121.2,121.51 2 1
github.com/amatsagu/dema/insert.go:125.2,126.19 2 1
github.com/amatsagu/dema/insert.go:127.3,127.57 1 1
github.com/amatsagu/dema/insert.go:128.4,130.1 2 1
github.com/amatsagu/dema/insert.go:133.2,133.20 1 1
github.com/amatsagu/dema/insert.go:134.3,135.1 1 0
github.com/amatsagu/dema/insert.go:137.2,138.27 2 1
github.com/amatsagu/dema/insert.go:139.3,139.17 1 1
github.com/amatsagu/dema/insert.go:140.4,140.12 1 1
github.com/amatsagu/dema/insert.go:142.3,143.32 2 1
github.com/amatsagu/dema/insert.go:144.4,144.33 1 1
github.com/amatsagu/dema/insert.go:145.5,146.39 2 1
github.com/amatsagu/dema/insert.go:147.6,148.1 1 1
github.com/amatsagu/dema/insert.go:149.5,149.38 1 1
github.com/amatsagu/dema/insert.go:150.6,151.1 1 1
github.com/amatsagu/dema/insert.go:154.4,154.35 1 1
github.com/amatsagu/dema/insert.go:155.5,156.1 1 0
github.com/amatsagu/dema/insert.go:157.4,157.34 1 1
github.com/amatsagu/dema/insert.go:158.5,159.1 1 1
github.com/amatsagu/dema/insert.go:163.2,163.26 1 1
github.com/amatsagu/dema/insert.go:167.2,169.1 6 1
github.com/amatsagu/dema/insert.go:170.2,173.1 6 1
github.com/amatsagu/dema/insert.go:174.2,174.27 6 1
github.com/amatsagu/dema/insert.go:175.3,176.17 2 1
github.com/amatsagu/dema/insert.go:177.4,181.1 1 1
github.com/amatsagu/dema/insert.go:182.3,182.50 1 1
github.com/amatsagu/dema/insert.go:185.2,185.57 1 1
github.com/amatsagu/dema/insert.go:186.3,190.1 1 1
github.com/amatsagu/dema/insert.go:191.2,191.12 1 1
github.com/amatsagu/dema/insert.go:195.2,195.22 1 1
github.com/amatsagu/dema/insert.go:196.3,197.24 2 1
github.com/amatsagu/dema/insert.go:198.4,201.1 3 1
github.com/amatsagu/dema/insert.go:202.3,203.61 2 1
github.com/amatsagu/dema/insert.go:204.4,205.1 1 0
github.com/amatsagu/dema/insert.go:207.2,207.12 1 1
github.com/amatsagu/dema/insert.go:212.2,212.20 1 1
github.com/amatsagu/dema/insert.go:213.3,214.1 1 1
github.com/amatsagu/dema/insert.go:215.2,217.20 3 1
github.com/amatsagu/dema/insert.go:218.3,219.1 1 1
github.com/amatsagu/dema/insert.go:219.9,219.27 1 1
github.com/amatsagu/dema/insert.go:220.3,220.45 1 1
github.com/amatsagu/dema/insert.go:221.4,221.16 1 1
github.com/amatsagu/dema/insert.go:222.5,223.1 1 1
github.com/amatsagu/dema/insert.go:224.4,224.17 1 1
github.com/amatsagu/dema/insert.go:228.2,228.16 1 1
github.com/amatsagu/dema/insert.go:229.3,229.46 1 1
github.com/amatsagu/dema/insert.go:230.4,231.18 2 1
github.com/amatsagu/dema/insert.go:232.5,233.1 1 1
github.com/amatsagu/dema/insert.go:234.4,234.30 1 1
github.com/amatsagu/dema/insert.go:235.5,239.1 1 1
github.com/amatsagu/dema/insert.go:240.4,240.29 1 1
github.com/amatsagu/dema/insert.go:241.5,243.62 3 1
github.com/amatsagu/dema/insert.go:244.6,248.1 1 1
github.com/amatsagu/dema/insert.go:249.5,249.31 1 1
github.com/amatsagu/dema/insert.go:251.4,252.18 2 1
github.com/amatsagu/dema/insert.go:253.5,257.1 1 1
github.com/amatsagu/dema/insert.go:258.4,259.46 2 1
github.com/amatsagu/dema/insert.go:263.2,264.37 2 1
github.com/amatsagu/dema/insert.go:265.3,266.1 1 0
github.com/amatsagu/dema/insert.go:268.2,270.16 3 1
github.com/amatsagu/dema/insert.go:271.3,272.1 1 0
github.com/amatsagu/dema/insert.go:274.2,274.28 1 1
github.com/amatsagu/dema/insert.go:275.3,279.1 1 0
github.com/amatsagu/dema/insert.go:281.2,281.25 1 1
github.com/amatsagu/dema/insert.go:282.3,282.28 1 1
github.com/amatsagu/dema/insert.go:283.4,285.61 3 0
github.com/amatsagu/dema/insert.go:286.5,290.1 1 0
github.com/amatsagu/dema/insert.go:291.4,291.30 1 0
github.com/amatsagu/dema/insert.go:295.2,296.16 2 1
github.com/amatsagu/dema/insert.go:297.3,301.1 1 0
github.com/amatsagu/dema/insert.go:302.2,303.1 2 1
github.com/amatsagu/dema/insert.go:304.2,304.51 2 1
github.com/amatsagu/dema/insert.go:308.2,310.20 3 1
github.com/amatsagu/dema/insert.go:311.3,312.1 1 1
github.com/amatsagu/dema/insert.go:314.2,317.1 4 1
github.com/amatsagu/dema/insert.go:318.2,318.27 4 1
github.com/amatsagu/dema/insert.go:319.3,320.17 2 1
github.com/amatsagu/dema/insert.go:321.4,325.1 1 1
github.com/amatsagu/dema/insert.go:326.3,326.50 1 1
github.com/amatsagu/dema/insert.go:329.2,329.57 1 1
github.com/amatsagu/dema/insert.go:330.3,334.1 1 1
github.com/amatsagu/dema/insert.go:335.2,335.12 1 1
github.com/amatsagu/dema/insert.go:339.2,339.22 1 1
github.com/amatsagu/dema/insert.go:340.3,341.24 2 1
github.com/amatsagu/dema/insert.go:342.4,345.1 3 1
github.com/amatsagu/dema/insert.go:346.3,347.61 2 1
github.com/amatsagu/dema/insert.go:348.4,349.1 1 0
github.com/amatsagu/dema/insert.go:351.2,351.12 1 1
github.com/amatsagu/dema/raw.go:16.2,18.35 3 1
github.com/amatsagu/dema/raw.go:19.3,20.1 1 1
github.com/amatsagu/dema/raw.go:22.2,23.16 2 1
github.com/amatsagu/dema/raw.go:24.3,25.1 1 1
github.com/amatsagu/dema/raw.go:27.2,28.16 2 1
github.com/amatsagu/dema/raw.go:29.3,33.1 1 1
github.com/amatsagu/dema/raw.go:34.2,35.1 2 1
github.com/amatsagu/dema/raw.go:36.2,36.61 2 1
github.com/amatsagu/dema/raw.go:40.2,43.27 4 1
github.com/amatsagu/dema/raw.go:44.3,45.1 1 1
github.com/amatsagu/dema/raw.go:47.2,50.1 7 1
github.com/amatsagu/dema/raw.go:51.2,54.1 7 1
github.com/amatsagu/dema/raw.go:55.2,55.50 7 1
github.com/amatsagu/dema/raw.go:56.3,56.17 1 1
github.com/amatsagu/dema/raw.go:57.4,59.34 3 1
github.com/amatsagu/dema/raw.go:60.5,61.48 2 1
github.com/amatsagu/dema/raw.go:62.6,63.1 1 1
github.com/amatsagu/dema/raw.go:63.12,63.72 1 1
github.com/amatsagu/dema/raw.go:64.6,65.1 1 1
github.com/amatsagu/dema/raw.go:67.4,67.20 1 1
github.com/amatsagu/dema/raw.go:70.3,72.17 3 1
github.com/amatsagu/dema/raw.go:73.4,75.66 3 1
github.com/amatsagu/dema/raw.go:76.5,77.1 1 0
github.com/amatsagu/dema/raw.go:78.4,79.14 2 1
github.com/amatsagu/dema/raw.go:81.3,81.65 1 1
github.com/amatsagu/dema/raw.go:82.4,83.1 1 1
github.com/amatsagu/dema/raw.go:84.3,85.13 2 1
github.com/amatsagu/dema/raw.go:88.2,89.11 2 1
github.com/amatsagu/dema/raw.go:90.3,91.1 1 1
github.com/amatsagu/dema/raw.go:92.3,93.1 1 1
github.com/amatsagu/dema/raw.go:95.2,95.16 1 1
github.com/amatsagu/dema/raw.go:96.3,100.1 1 1
github.com/amatsagu/dema/raw.go:101.2,101.21 1 1
github.com/amatsagu/dema/raw.go:106.2,107.16 2 1
github.com/amatsagu/dema/raw.go:108.3,112.1 1 1
github.com/amatsagu/dema/raw.go:113.2,114.1 2 1
github.com/amatsagu/dema/raw.go:115.2,115.53 2 1
github.com/amatsagu/dema/raw.go:119.2,122.27 4 1
github.com/amatsagu/dema/raw.go:123.3,124.1 1 1
github.com/amatsagu/dema/raw.go:126.2,127.11 2 1
github.com/amatsagu/dema/raw.go:128.3,129.1 1 1
github.com/amatsagu/dema/raw.go:130.3,131.1 1 1
github.com/amatsagu/dema/raw.go:133.2,133.16 1 1
github.com/amatsagu/dema/raw.go:134.3,138.1 1 1
github.com/amatsagu/dema/raw.go:139.2,139.12 1 1
github.com/amatsagu/dema/scan.go:11.2,12.1 2 1
github.com/amatsagu/dema/scan.go:13.2,13.31 2 1
github.com/amatsagu/dema/scan.go:14.3,14.16 1 1
github.com/amatsagu/dema/scan.go:15.4,16.1 1 1
github.com/amatsagu/dema/scan.go:17.3,17.13 1 1
github.com/amatsagu/dema/scan.go:20.2,20.19 1 1
github.com/amatsagu/dema/scan.go:21.3,22.34 2 1
github.com/amatsagu/dema/scan.go:24.4,24.34 1 1
github.com/amatsagu/dema/scan.go:26.4,26.34 1 1
github.com/amatsagu/dema/scan.go:28.4,28.33 1 1
github.com/amatsagu/dema/scan.go:30.4,32.13 3 1
github.com/amatsagu/dema/scan.go:34.3,35.29 2 1
github.com/amatsagu/dema/scan.go:38.2,38.15 1 1
github.com/amatsagu/dema/scan.go:39.3,39.23 1 1
github.com/amatsagu/dema/scan.go:41.4,42.30 2 1
github.com/amatsagu/dema/scan.go:44.4,45.27 2 1
github.com/amatsagu/dema/scan.go:47.4,48.29 2 1
github.com/amatsagu/dema/scan.go:50.4,51.29 2 1
github.com/amatsagu/dema/scan.go:53.4,54.29 2 1
github.com/amatsagu/dema/scan.go:56.4,57.28 2 1
github.com/amatsagu/dema/scan.go:59.4,60.28 2 1
github.com/amatsagu/dema/scan.go:62.4,63.30 2 1
github.com/amatsagu/dema/scan.go:65.4,66.30 2 1
github.com/amatsagu/dema/scan.go:68.4,69.30 2 1
github.com/amatsagu/dema/scan.go:71.4,72.29 2 1
github.com/amatsagu/dema/scan.go:74.4,75.28 2 1
github.com/amatsagu/dema/scan.go:77.4,78.31 2 1
github.com/amatsagu/dema/scan.go:80.4,81.31 2 1
github.com/amatsagu/dema/scan.go:82.11,82.11 0 0
github.com/amatsagu/dema/scan.go:84.3,84.13 1 1
github.com/amatsagu/dema/scan.go:87.2,87.21 1 1
github.com/amatsagu/dema/scan.go:88.3,90.1 2 1
github.com/amatsagu/dema/scan.go:92.2,92.18 1 1
github.com/amatsagu/dema/scan.go:94.3,94.52 1 1
github.com/amatsagu/dema/scan.go:96.3,96.49 1 1
github.com/amatsagu/dema/scan.go:98.3,98.56 1 1
github.com/amatsagu/dema/scan.go:100.3,100.56 1 1
github.com/amatsagu/dema/scan.go:102.3,102.54 1 1
github.com/amatsagu/dema/scan.go:104.3,104.54 1 1
github.com/amatsagu/dema/scan.go:106.3,106.58 1 1
github.com/amatsagu/dema/scan.go:108.3,108.58 1 1
github.com/amatsagu/dema/scan.go:110.3,110.58 1 1
github.com/amatsagu/dema/scan.go:112.3,112.56 1 1
github.com/amatsagu/dema/scan.go:114.3,114.47 1 1
github.com/amatsagu/dema/scan.go:116.3,116.51 1 1
github.com/amatsagu/dema/scan.go:118.3,118.60 1 1
github.com/amatsagu/dema/scan.go:120.3,120.49 1 1
github.com/amatsagu/dema/scan.go:121.10,121.10 0 0
github.com/amatsagu/dema/scan.go:123.2,123.12 1 1
github.com/amatsagu/dema/scan.go:127.2,127.32 1 1
github.com/amatsagu/dema/scan.go:128.3,128.56 1 1
github.com/amatsagu/dema/scan.go:129.4,130.1 1 1
github.com/amatsagu/dema/scan.go:132.2,132.12 1 1
github.com/amatsagu/dema/scan.go:136.2,136.29 1 1
github.com/amatsagu/dema/scan.go:137.3,137.17 1 1
github.com/amatsagu/dema/scan.go:138.4,138.12 1 1
github.com/amatsagu/dema/scan.go:140.3,140.56 1 1
github.com/amatsagu/dema/scan.go:141.4,142.1 1 1
github.com/amatsagu/dema/scan.go:144.2,144.12 1 1
github.com/amatsagu/dema/select.go:33.2,36.11 4 1
github.com/amatsagu/dema/select.go:37.3,38.1 1 1
github.com/amatsagu/dema/select.go:39.2,40.16 2 1
github.com/amatsagu/dema/select.go:41.3,42.1 1 1
github.com/amatsagu/dema/select.go:43.2,47.1 1 1
github.com/amatsagu/dema/select.go:51.2,53.1 2 1
github.com/amatsagu/dema/select.go:56.2,56.21 1 1
github.com/amatsagu/dema/select.go:57.3,58.1 1 1
github.com/amatsagu/dema/select.go:59.2,63.10 2 1
github.com/amatsagu/dema/select.go:67.2,67.16 1 1
github.com/amatsagu/dema/select.go:68.3,69.1 1 1
github.com/amatsagu/dema/select.go:70.2,72.10 3 1
github.com/amatsagu/dema/select.go:77.2,77.17 1 1
github.com/amatsagu/dema/select.go:78.3,79.1 1 1
github.com/amatsagu/dema/select.go:80.2,80.14 1 1
github.com/amatsagu/dema/select.go:81.3,82.1 1 1
github.com/amatsagu/dema/select.go:83.2,87.10 5 1
github.com/amatsagu/dema/select.go:91.2,91.67 1 1
github.com/amatsagu/dema/select.go:92.3,93.1 1 1
github.com/amatsagu/dema/select.go:95.2,97.1 4 1
github.com/amatsagu/dema/select.go:98.2,99.1 4 1
github.com/amatsagu/dema/select.go:100.2,100.19 4 1
github.com/amatsagu/dema/select.go:101.3,104.1 3 1
github.com/amatsagu/dema/select.go:106.2,106.23 1 1
github.com/amatsagu/dema/select.go:107.3,108.32 2 1
github.com/amatsagu/dema/select.go:109.4,109.13 1 1
github.com/amatsagu/dema/select.go:110.5,111.1 1 1
github.com/amatsagu/dema/select.go:112.4,115.35 4 1
github.com/amatsagu/dema/select.go:119.2,119.14 1 1
github.com/amatsagu/dema/select.go:120.3,122.1 2 1
github.com/amatsagu/dema/select.go:123.2,123.14 1 1
github.com/amatsagu/dema/select.go:124.3,126.1 2 1
github.com/amatsagu/dema/select.go:128.2,128.31 1 1
github.com/amatsagu/dema/select.go:132.2,134.1 3 1
github.com/amatsagu/dema/select.go:135.2,135.27 3 1
github.com/amatsagu/dema/select.go:136.3,136.26 1 1
github.com/amatsagu/dema/select.go:138.4,138.16 1 1
github.com/amatsagu/dema/select.go:139.5,140.1 1 1
github.com/amatsagu/dema/select.go:142.4,142.13 1 1
github.com/amatsagu/dema/select.go:146.2,148.18 3 1
github.com/amatsagu/dema/select.go:149.3,152.17 4 1
github.com/amatsagu/dema/select.go:153.4,154.1 1 0
github.com/amatsagu/dema/select.go:155.3,157.17 3 1
github.com/amatsagu/dema/select.go:158.4,159.1 1 1
github.com/amatsagu/dema/select.go:162.2,165.1 6 1
github.com/amatsagu/dema/select.go:166.2,167.1 6 1
github.com/amatsagu/dema/select.go:168.2,169.16 6 1
github.com/amatsagu/dema/select.go:170.3,174.1 1 1
github.com/amatsagu/dema/select.go:175.2,176.1 3 1
github.com/amatsagu/dema/select.go:177.2,178.29 3 1
github.com/amatsagu/dema/select.go:179.3,180.1 1 1
github.com/amatsagu/dema/select.go:181.2,182.1 2 1
github.com/amatsagu/dema/select.go:183.2,183.16 2 1
github.com/amatsagu/dema/select.go:184.3,184.51 1 1
github.com/amatsagu/dema/select.go:185.4,186.77 2 1
github.com/amatsagu/dema/select.go:187.5,188.1 1 0
github.com/amatsagu/dema/select.go:189.4,190.14 2 1
github.com/amatsagu/dema/select.go:193.3,193.51 1 1
github.com/amatsagu/dema/select.go:194.4,195.27 2 1
github.com/amatsagu/dema/select.go:196.5,197.20 2 1
github.com/amatsagu/dema/select.go:198.6,199.1 1 0
github.com/amatsagu/dema/select.go:200.5,202.21 3 1
github.com/amatsagu/dema/select.go:204.4,206.63 3 1
github.com/amatsagu/dema/select.go:207.5,209.1 2 1
github.com/amatsagu/dema/select.go:210.4,210.14 1 1
github.com/amatsagu/dema/select.go:214.2,214.11 1 1
github.com/amatsagu/dema/select.go:215.3,216.1 1 1
github.com/amatsagu/dema/select.go:217.3,218.1 1 1
github.com/amatsagu/dema/select.go:220.2,220.16 1 1
github.com/amatsagu/dema/select.go:221.3,225.1 1 1
github.com/amatsagu/dema/select.go:227.2,227.21 1 1
github.com/amatsagu/dema/table.go:66.2,66.16 1 1
github.com/amatsagu/dema/table.go:67.3,68.1 1 1
github.com/amatsagu/dema/table.go:69.2,70.15 2 1
github.com/amatsagu/dema/table.go:71.3,72.1 1 1
github.com/amatsagu/dema/table.go:73.2,75.17 3 1
github.com/amatsagu/dema/table.go:76.3,77.1 1 1
github.com/amatsagu/dema/table.go:78.2,78.32 1 1
github.com/amatsagu/dema/table.go:79.3,80.14 2 1
github.com/amatsagu/dema/table.go:82.4,82.15 1 1
github.com/amatsagu/dema/table.go:84.4,84.21 1 1
github.com/amatsagu/dema/table.go:87.2,87.38 1 1
github.com/amatsagu/dema/table.go:91.2,92.36 2 1
github.com/amatsagu/dema/table.go:93.3,94.26 2 1
github.com/amatsagu/dema/table.go:95.4,95.12 1 1
github.com/amatsagu/dema/table.go:98.3,103.13 6 1
github.com/amatsagu/dema/table.go:104.4,104.12 1 1
github.com/amatsagu/dema/table.go:107.3,110.12 4 1
github.com/amatsagu/dema/table.go:111.4,112.1 1 1
github.com/amatsagu/dema/table.go:114.3,115.82 1 1
github.com/amatsagu/dema/table.go:116.4,118.12 3 1
github.com/amatsagu/dema/table.go:121.3,124.1 5 1
github.com/amatsagu/dema/table.go:125.3,139.1 5 1
github.com/amatsagu/dema/table.go:140.3,140.27 5 1
github.com/amatsagu/dema/table.go:142.2,142.13 1 1
github.com/amatsagu/dema/table.go:146.2,148.16 3 1
github.com/amatsagu/dema/table.go:149.3,153.1 1 1
github.com/amatsagu/dema/table.go:154.2,154.35 1 1
github.com/amatsagu/dema/table.go:155.3,156.1 1 1
github.com/amatsagu/dema/table.go:157.2,157.34 1 1
github.com/amatsagu/dema/table.go:158.3,162.1 1 1
github.com/amatsagu/dema/table.go:164.2,165.20 2 1
github.com/amatsagu/dema/table.go:166.3,170.1 1 1
github.com/amatsagu/dema/table.go:172.2,172.27 1 1
github.com/amatsagu/dema/table.go:173.3,174.1 1 1
github.com/amatsagu/dema/table.go:176.2,187.1 6 1
github.com/amatsagu/dema/table.go:188.2,192.1 6 1
github.com/amatsagu/dema/table.go:193.2,193.27 6 1
github.com/amatsagu/dema/table.go:194.3,195.15 2 1
github.com/amatsagu/dema/table.go:196.4,197.1 1 1
github.com/amatsagu/dema/table.go:198.4,199.1 1 1
github.com/amatsagu/dema/table.go:202.2,204.27 3 1
github.com/amatsagu/dema/table.go:205.3,205.12 1 1
github.com/amatsagu/dema/table.go:206.4,207.1 1 1
github.com/amatsagu/dema/table.go:208.3,210.22 3 1
github.com/amatsagu/dema/table.go:212.2,216.1 7 1
github.com/amatsagu/dema/table.go:217.2,219.1 7 1
github.com/amatsagu/dema/table.go:220.2,220.26 7 1
github.com/amatsagu/dema/table.go:221.3,223.1 2 1
github.com/amatsagu/dema/table.go:225.2,225.21 1 1
github.com/amatsagu/dema/table.go:226.3,226.37 1 1
github.com/amatsagu/dema/table.go:227.4,228.1 1 1
github.com/amatsagu/dema/table.go:230.2,230.21 1 1
github.com/amatsagu/dema/table.go:231.3,231.37 1 1
github.com/amatsagu/dema/table.go:232.4,232.16 1 1
github.com/amatsagu/dema/table.go:233.5,234.1 1 1
github.com/amatsagu/dema/table.go:235.4,235.27 1 1
github.com/amatsagu/dema/table.go:238.2,238.21 1 1
github.com/amatsagu/dema/table.go:239.3,239.37 1 1
github.com/amatsagu/dema/table.go:240.4,240.16 1 1
github.com/amatsagu/dema/table.go:241.5,242.1 1 1
github.com/amatsagu/dema/table.go:243.4,243.27 1 1
github.com/amatsagu/dema/table.go:247.2,247.18 1 1
github.com/amatsagu/dema/table.go:251.2,252.32 2 1
github.com/amatsagu/dema/table.go:253.3,253.22 1 1
github.com/amatsagu/dema/table.go:254.4,255.12 2 1
github.com/amatsagu/dema/table.go:257.3,258.16 2 1
github.com/amatsagu/dema/table.go:259.4,259.43 1 1
github.com/amatsagu/dema/table.go:260.5,261.1 1 1
github.com/amatsagu/dema/table.go:262.4,262.12 1 1
github.com/amatsagu/dema/table.go:264.3,264.19 1 1
github.com/amatsagu/dema/table.go:266.4,266.30 1 1
github.com/amatsagu/dema/table.go:267.5,268.1 1 1
github.com/amatsagu/dema/table.go:270.4,270.32 1 1
github.com/amatsagu/dema/table.go:271.5,272.1 1 1
github.com/amatsagu/dema/table.go:274.4,274.32 1 1
github.com/amatsagu/dema/table.go:275.5,276.1 1 1
github.com/amatsagu/dema/table.go:278.4,278.32 1 1
github.com/amatsagu/dema/table.go:279.5,280.1 1 1
github.com/amatsagu/dema/table.go:282.4,282.31 1 1
github.com/amatsagu/dema/table.go:283.5,284.1 1 1
github.com/amatsagu/dema/table.go:286.4,286.31 1 1
github.com/amatsagu/dema/table.go:287.5,288.1 1 1
github.com/amatsagu/dema/table.go:290.4,290.33 1 1
github.com/amatsagu/dema/table.go:291.5,292.1 1 1
github.com/amatsagu/dema/table.go:294.4,294.33 1 1
github.com/amatsagu/dema/table.go:295.5,296.1 1 1
github.com/amatsagu/dema/table.go:298.4,298.33 1 1
github.com/amatsagu/dema/table.go:299.5,300.1 1 1
github.com/amatsagu/dema/table.go:302.4,302.32 1 1
github.com/amatsagu/dema/table.go:303.5,304.1 1 1
github.com/amatsagu/dema/table.go:306.4,306.34 1 1
github.com/amatsagu/dema/table.go:307.5,308.1 1 1
github.com/amatsagu/dema/table.go:310.4,310.26 1 1
github.com/amatsagu/dema/table.go:311.5,312.1 1 1
github.com/amatsagu/dema/table.go:314.4,314.34 1 1
github.com/amatsagu/dema/table.go:315.5,316.1 1 1
github.com/amatsagu/dema/table.go:318.4,318.34 1 1
github.com/amatsagu/dema/table.go:319.5,320.1 1 1
github.com/amatsagu/dema/table.go:322.4,322.28 1 0
github.com/amatsagu/dema/table.go:325.2,325.13 1 1
github.com/amatsagu/dema/table.go:329.2,330.49 2 1
github.com/amatsagu/dema/table.go:331.3,332.1 1 1
github.com/amatsagu/dema/table.go:334.2,338.8 5 1
github.com/amatsagu/dema/table.go:339.3,340.1 1 1
github.com/amatsagu/dema/table.go:342.2,344.43 3 1
github.com/amatsagu/dema/table.go:345.3,346.1 1 0
github.com/amatsagu/dema/table.go:348.2,349.32 2 1
github.com/amatsagu/dema/table.go:350.3,350.37 1 1
github.com/amatsagu/dema/table.go:351.4,352.1 1 1
github.com/amatsagu/dema/table.go:355.2,358.26 4 1
github.com/amatsagu/dema/table.go:359.3,360.1 1 1
github.com/amatsagu/dema/table.go:361.3,362.34 2 1
github.com/amatsagu/dema/table.go:363.4,363.13 1 1
github.com/amatsagu/dema/table.go:364.5,365.1 1 1
github.com/amatsagu/dema/table.go:366.4,368.23 3 1
github.com/amatsagu/dema/table.go:370.3,371.29 2 1
github.com/amatsagu/dema/table.go:372.4,372.13 1 1
github.com/amatsagu/dema/table.go:373.5,374.1 1 1
github.com/amatsagu/dema/table.go:375.4,375.23 1 1
github.com/amatsagu/dema/table.go:377.3,377.23 1 1
github.com/amatsagu/dema/table.go:380.2,383.24 4 1
github.com/amatsagu/dema/table.go:387.2,388.49 2 1
github.com/amatsagu/dema/table.go:389.3,390.1 1 1
github.com/amatsagu/dema/table.go:392.2,396.8 5 1
github.com/amatsagu/dema/table.go:397.3,398.1 1 1
github.com/amatsagu/dema/table.go:400.2,402.43 3 1
github.com/amatsagu/dema/table.go:403.3,404.1 1 0
github.com/amatsagu/dema/table.go:406.2,407.32 2 1
github.com/amatsagu/dema/table.go:408.3,408.37 1 1
github.com/amatsagu/dema/table.go:409.4,410.1 1 1
github.com/amatsagu/dema/table.go:413.2,416.26 4 1
github.com/amatsagu/dema/table.go:417.3,418.1 1 1
github.com/amatsagu/dema/table.go:419.3,420.34 2 1
github.com/amatsagu/dema/table.go:421.4,421.13 1 1
github.com/amatsagu/dema/table.go:422.5,423.1 1 1
github.com/amatsagu/dema/table.go:424.4,426.23 3 1
github.com/amatsagu/dema/table.go:428.3,429.29 2 1
github.com/amatsagu/dema/table.go:430.4,430.13 1 1
github.com/amatsagu/dema/table.go:431.5,432.1 1 1
github.com/amatsagu/dema/table.go:433.4,433.23 1 1
github.com/amatsagu/dema/table.go:435.3,436.31 2 1
github.com/amatsagu/dema/table.go:437.4,437.13 1 1
github.com/amatsagu/dema/table.go:438.5,439.1 1 1
github.com/amatsagu/dema/table.go:440.4,442.23 3 1
github.com/amatsagu/dema/table.go:444.3,445.1 3 1
github.com/amatsagu/dema/table.go:446.3,447.34 3 1
github.com/amatsagu/dema/table.go:448.4,448.17 1 1
github.com/amatsagu/dema/table.go:449.5,450.1 1 1
github.com/amatsagu/dema/table.go:453.3,453.27 1 1
github.com/amatsagu/dema/table.go:454.4,455.1 1 1
github.com/amatsagu/dema/table.go:456.4,457.35 2 1
github.com/amatsagu/dema/table.go:458.5,458.14 1 1
github.com/amatsagu/dema/table.go:459.6,460.1 1 1
github.com/amatsagu/dema/table.go:461.5,465.24 5 1
github.com/amatsagu/dema/table.go:467.4,467.23 1 1
github.com/amatsagu/dema/table.go:471.2,474.24 4 1
github.com/amatsagu/dema/table.go:478.2,479.49 2 1
github.com/amatsagu/dema/table.go:480.3,481.1 1 1
github.com/amatsagu/dema/table.go:483.2,487.8 5 1
github.com/amatsagu/dema/table.go:488.3,489.1 1 1
github.com/amatsagu/dema/table.go:491.2,493.46 3 1
github.com/amatsagu/dema/table.go:494.3,495.1 1 0
github.com/amatsagu/dema/table.go:497.2,498.34 2 1
github.com/amatsagu/dema/table.go:499.3,499.46 1 1
github.com/amatsagu/dema/table.go:500.4,501.1 1 1
github.com/amatsagu/dema/table.go:503.2,503.23 1 1
github.com/amatsagu/dema/table.go:504.3,507.1 3 1
github.com/amatsagu/dema/table.go:509.2,513.30 5 1
github.com/amatsagu/dema/table.go:514.3,514.12 1 1
github.com/amatsagu/dema/table.go:515.4,516.1 1 1
github.com/amatsagu/dema/table.go:517.3,519.26 3 1
github.com/amatsagu/dema/table.go:521.2,522.30 2 1
github.com/amatsagu/dema/table.go:523.3,523.12 1 1
github.com/amatsagu/dema/table.go:524.4,525.1 1 1
github.com/amatsagu/dema/table.go:526.3,528.26 3 1
github.com/amatsagu/dema/table.go:530.2,531.1 8 1
github.com/amatsagu/dema/table.go:532.2,535.1 8 1
github.com/amatsagu/dema/table.go:536.2,539.22 8 1
github.com/amatsagu/dema/table.go:543.2,543.41 1 1
github.com/amatsagu/dema/table.go:544.3,544.46 1 1
github.com/amatsagu/dema/table.go:545.4,546.1 1 1
github.com/amatsagu/dema/table.go:549.2,554.14 6 1
github.com/amatsagu/dema/table.go:555.3,556.1 1 1
github.com/amatsagu/dema/table.go:557.2,557.33 1 1
github.com/amatsagu/dema/table.go:558.3,559.1 1 0
github.com/amatsagu/dema/table.go:560.2,561.28 2 1
github.com/amatsagu/dema/table.go:562.3,563.1 1 1
github.com/amatsagu/dema/table.go:564.2,566.12 3 1
github.com/amatsagu/dema/table.go:570.2,570.44 1 1
github.com/amatsagu/dema/table.go:571.3,571.46 1 1
github.com/amatsagu/dema/table.go:572.4,573.1 1 0
github.com/amatsagu/dema/table.go:576.2,581.14 6 1
github.com/amatsagu/dema/table.go:582.3,583.1 1 1
github.com/amatsagu/dema/table.go:584.2,584.33 1 1
github.com/amatsagu/dema/table.go:585.3,586.1 1 0
github.com/amatsagu/dema/table.go:587.2,588.28 2 1
github.com/amatsagu/dema/table.go:589.3,590.1 1 1
github.com/amatsagu/dema/table.go:591.2,593.12 3 1
github.com/amatsagu/dema/table.go:597.2,598.1 2 1
github.com/amatsagu/dema/table.go:599.2,599.15 2 1
github.com/amatsagu/dema/table.go:600.3,601.17 2 1
github.com/amatsagu/dema/table.go:602.4,603.1 1 1
github.com/amatsagu/dema/table.go:604.3,604.20 1 1
github.com/amatsagu/dema/table.go:605.4,608.1 3 0
github.com/amatsagu/dema/table.go:609.3,609.23 1 1
github.com/amatsagu/dema/table.go:611.4,611.37 1 1
github.com/amatsagu/dema/table.go:613.4,613.41 1 1
github.com/amatsagu/dema/table.go:615.4,615.36 1 1
github.com/amatsagu/dema/table.go:617.4,617.43 1 1
github.com/amatsagu/dema/table.go:619.4,619.43 1 1
github.com/amatsagu/dema/table.go:621.4,621.42 1 1
github.com/amatsagu/dema/table.go:623.4,623.42 1 1
github.com/amatsagu/dema/table.go:625.4,625.44 1 1
github.com/amatsagu/dema/table.go:627.4,627.44 1 1
github.com/amatsagu/dema/table.go:629.4,629.44 1 1
github.com/amatsagu/dema/table.go:631.4,631.43 1 1
github.com/amatsagu/dema/table.go:633.4,633.35 1 1
github.com/amatsagu/dema/table.go:635.4,635.38 1 1
github.com/amatsagu/dema/table.go:637.4,637.47 1 1
github.com/amatsagu/dema/table.go:639.4,639.73 1 0
github.com/amatsagu/dema/table.go:645.2,645.19 1 1
github.com/amatsagu/dema/table.go:646.3,649.1 3 1
github.com/amatsagu/dema/table.go:651.2,651.21 1 1
github.com/amatsagu/dema/table.go:652.3,653.1 1 1
github.com/amatsagu/dema/table.go:655.2,655.18 1 1
github.com/amatsagu/dema/table.go:657.3,657.45 1 1
github.com/amatsagu/dema/table.go:659.3,659.40 1 1
github.com/amatsagu/dema/table.go:661.3,661.47 1 1
github.com/amatsagu/dema/table.go:663.3,663.47 1 1
github.com/amatsagu/dema/table.go:665.3,665.46 1 1
github.com/amatsagu/dema/table.go:667.3,667.46 1 1
github.com/amatsagu/dema/table.go:669.3,669.48 1 1
github.com/amatsagu/dema/table.go:671.3,671.48 1 1
github.com/amatsagu/dema/table.go:673.3,673.48 1 1
github.com/amatsagu/dema/table.go:675.3,675.47 1 1
github.com/amatsagu/dema/table.go:677.3,677.39 1 1
github.com/amatsagu/dema/table.go:679.3,679.42 1 1
github.com/amatsagu/dema/table.go:681.3,681.51 1 1
github.com/amatsagu/dema/table.go:683.3,683.41 1 1
github.com/amatsagu/dema/table.go:685.3,685.72 1 0
github.com/amatsagu/dema/tx.go:23.2,24.16 2 1
github.com/amatsagu/dema/tx.go:25.3,29.1 1 1
github.com/amatsagu/dema/tx.go:31.2,31.61 1 1
github.com/amatsagu/dema/tx.go:32.3,37.1 2 1
github.com/amatsagu/dema/tx.go:39.2,43.8 1 1
github.com/amatsagu/dema/tx.go:47.2,49.1 3 1
github.com/amatsagu/dema/tx.go:50.2,50.13 3 1
github.com/amatsagu/dema/tx.go:51.3,55.1 1 1
github.com/amatsagu/dema/tx.go:56.2,58.1 3 1
github.com/amatsagu/dema/tx.go:59.2,59.65 3 1
github.com/amatsagu/dema/tx.go:60.3,64.1 1 1
github.com/amatsagu/dema/tx.go:65.2,65.12 1 1
github.com/amatsagu/dema/tx.go:69.2,71.1 3 1
github.com/amatsagu/dema/tx.go:72.2,72.13 3 1
github.com/amatsagu/dema/tx.go:73.3,74.1 1 1
github.com/amatsagu/dema/tx.go:75.2,77.1 5 1
github.com/amatsagu/dema/tx.go:78.2,80.1 5 1
github.com/amatsagu/dema/tx.go:81.2,81.34 5 1
github.com/amatsagu/dema/tx.go:82.3,82.68 1 1
github.com/amatsagu/dema/tx.go:83.4,87.1 1 0
github.com/amatsagu/dema/tx.go:89.2,89.12 1 1
github.com/amatsagu/dema/tx.go:93.2,93.13 1 1
github.com/amatsagu/dema/tx.go:94.3,98.1 1 1
github.com/amatsagu/dema/tx.go:99.2,99.37 1 1
github.com/amatsagu/dema/tx.go:100.3,104.1 1 1
github.com/amatsagu/dema/tx.go:105.2,105.12 1 1
github.com/amatsagu/dema/tx.go:114.2,117.1 1 1
github.com/amatsagu/dema/tx.go:121.2,123.1 2 1
github.com/amatsagu/dema/tx.go:126.2,128.1 2 1
github.com/amatsagu/dema/tx.go:131.2,133.1 2 1
github.com/amatsagu/dema/tx.go:136.2,138.1 2 1
github.com/amatsagu/dema/tx.go:141.2,141.43 1 1
github.com/amatsagu/dema/tx.go:142.3,143.1 1 1
github.com/amatsagu/dema/tx.go:145.2,146.23 2 1
github.com/amatsagu/dema/tx.go:147.3,148.1 1 1
github.com/amatsagu/dema/tx.go:150.2,152.35 3 1
github.com/amatsagu/dema/tx.go:153.3,154.1 1 1
github.com/amatsagu/dema/tx.go:156.2,157.16 2 1
github.com/amatsagu/dema/tx.go:158.3,159.1 1 1
github.com/amatsagu/dema/tx.go:161.2,162.45 2 1
github.com/amatsagu/dema/tx.go:163.3,164.1 1 1
github.com/amatsagu/dema/tx.go:165.2,166.1 7 1
github.com/amatsagu/dema/tx.go:167.2,170.1 7 1
github.com/amatsagu/dema/tx.go:171.2,172.1 7 1
github.com/amatsagu/dema/tx.go:173.2,174.16 7 1
github.com/amatsagu/dema/tx.go:175.3,175.51 1 1
github.com/amatsagu/dema/tx.go:176.4,177.77 2 1
github.com/amatsagu/dema/tx.go:178.5,179.1 1 0
github.com/amatsagu/dema/tx.go:180.4,181.14 2 1
github.com/amatsagu/dema/tx.go:184.3,184.51 1 1
github.com/amatsagu/dema/tx.go:185.4,186.27 2 1
github.com/amatsagu/dema/tx.go:187.5,188.20 2 0
github.com/amatsagu/dema/tx.go:189.6,190.1 1 0
github.com/amatsagu/dema/tx.go:191.5,193.21 3 0
github.com/amatsagu/dema/tx.go:195.4,197.63 3 1
github.com/amatsagu/dema/tx.go:198.5,200.1 2 1
github.com/amatsagu/dema/tx.go:201.4,201.14 1 1
github.com/amatsagu/dema/tx.go:205.2,205.11 1 1
github.com/amatsagu/dema/tx.go:206.3,207.1 1 1
github.com/amatsagu/dema/tx.go:208.3,209.1 1 1
github.com/amatsagu/dema/tx.go:211.2,211.16 1 1
github.com/amatsagu/dema/tx.go:212.3,216.1 1 1
github.com/amatsagu/dema/tx.go:218.2,218.21 1 1
github.com/amatsagu/dema/tx.go:222.2,222.41 1 1
github.com/amatsagu/dema/tx.go:223.3,224.1 1 1
github.com/amatsagu/dema/tx.go:225.2,225.20 1 1
github.com/amatsagu/dema/tx.go:226.3,227.1 1 1
github.com/amatsagu/dema/tx.go:229.2,230.20 2 1
github.com/amatsagu/dema/tx.go:231.3,232.1 1 1
github.com/amatsagu/dema/tx.go:232.9,232.27 1 1
github.com/amatsagu/dema/tx.go:233.3,233.45 1 1
github.com/amatsagu/dema/tx.go:234.4,235.1 1 0
github.com/amatsagu/dema/tx.go:238.2,238.16 1 1
github.com/amatsagu/dema/tx.go:239.3,239.46 1 1
github.com/amatsagu/dema/tx.go:240.4,241.18 2 1
github.com/amatsagu/dema/tx.go:242.5,243.1 1 1
github.com/amatsagu/dema/tx.go:244.4,244.29 1 1
github.com/amatsagu/dema/tx.go:245.5,247.62 3 1
github.com/amatsagu/dema/tx.go:248.6,252.1 1 1
github.com/amatsagu/dema/tx.go:253.5,253.31 1 1
github.com/amatsagu/dema/tx.go:255.4,255.49 1 1
github.com/amatsagu/dema/tx.go:259.2,260.37 2 1
github.com/amatsagu/dema/tx.go:261.3,262.1 1 0
github.com/amatsagu/dema/tx.go:264.2,266.16 3 1
github.com/amatsagu/dema/tx.go:267.3,268.1 1 0
github.com/amatsagu/dema/tx.go:270.2,270.25 1 1
github.com/amatsagu/dema/tx.go:271.3,271.28 1 1
github.com/amatsagu/dema/tx.go:272.4,274.61 3 0
github.com/amatsagu/dema/tx.go:275.5,279.1 1 0
github.com/amatsagu/dema/tx.go:280.4,280.30 1 0
github.com/amatsagu/dema/tx.go:284.2,284.54 1 1
github.com/amatsagu/dema/tx.go:288.2,288.41 1 1
github.com/amatsagu/dema/tx.go:289.3,290.1 1 1
github.com/amatsagu/dema/tx.go:291.2,291.20 1 1
github.com/amatsagu/dema/tx.go:292.3,293.1 1 1
github.com/amatsagu/dema/tx.go:295.2,296.20 2 1
github.com/amatsagu/dema/tx.go:297.3,298.1 1 1
github.com/amatsagu/dema/tx.go:298.9,298.27 1 1
github.com/amatsagu/dema/tx.go:299.3,299.45 1 1
github.com/amatsagu/dema/tx.go:300.4,301.1 1 0
github.com/amatsagu/dema/tx.go:304.2,304.16 1 1
github.com/amatsagu/dema/tx.go:305.3,305.46 1 1
github.com/amatsagu/dema/tx.go:306.4,307.18 2 1
github.com/amatsagu/dema/tx.go:308.5,309.1 1 1
github.com/amatsagu/dema/tx.go:310.4,310.30 1 1
github.com/amatsagu/dema/tx.go:311.5,315.1 1 1
github.com/amatsagu/dema/tx.go:316.4,316.29 1 1
github.com/amatsagu/dema/tx.go:317.5,319.62 3 1
github.com/amatsagu/dema/tx.go:320.6,324.1 1 1
github.com/amatsagu/dema/tx.go:325.5,325.31 1 1
github.com/amatsagu/dema/tx.go:327.4,327.49 1 1
github.com/amatsagu/dema/tx.go:331.2,332.37 2 1
github.com/amatsagu/dema/tx.go:333.3,334.1 1 0
github.com/amatsagu/dema/tx.go:336.2,338.16 3 1
github.com/amatsagu/dema/tx.go:339.3,340.1 1 0
github.com/amatsagu/dema/tx.go:342.2,342.28 1 1
github.com/amatsagu/dema/tx.go:343.3,347.1 1 0
github.com/amatsagu/dema/tx.go:349.2,349.25 1 1
github.com/amatsagu/dema/tx.go:350.3,350.28 1 1
github.com/amatsagu/dema/tx.go:351.4,353.61 3 0
github.com/amatsagu/dema/tx.go:354.5,358.1 1 0
github.com/amatsagu/dema/tx.go:359.4,359.30 1 0
github.com/amatsagu/dema/tx.go:363.2,363.54 1 1
github.com/amatsagu/dema/tx.go:372.2,375.1 1 1
github.com/amatsagu/dema/tx.go:379.2,381.1 2 1
github.com/amatsagu/dema/tx.go:384.2,386.1 2 1
github.com/amatsagu/dema/tx.go:389.2,391.1 2 1
github.com/amatsagu/dema/tx.go:394.2,394.43 1 1
github.com/amatsagu/dema/tx.go:395.3,396.1 1 1
github.com/amatsagu/dema/tx.go:398.2,399.23 2 1
github.com/amatsagu/dema/tx.go:400.3,401.1 1 1
github.com/amatsagu/dema/tx.go:403.2,404.18 2 1
github.com/amatsagu/dema/tx.go:405.3,407.50 3 1
github.com/amatsagu/dema/tx.go:408.4,409.1 1 0
github.com/amatsagu/dema/tx.go:410.3,412.17 3 1
github.com/amatsagu/dema/tx.go:413.4,414.1 1 1
github.com/amatsagu/dema/tx.go:417.2,417.59 1 1
github.com/amatsagu/dema/tx.go:421.2,421.41 1 1
github.com/amatsagu/dema/tx.go:422.3,423.1 1 1
github.com/amatsagu/dema/tx.go:424.2,424.20 1 1
github.com/amatsagu/dema/tx.go:425.3,429.1 1 1
github.com/amatsagu/dema/tx.go:431.2,432.20 2 1
github.com/amatsagu/dema/tx.go:433.3,434.1 1 1
github.com/amatsagu/dema/tx.go:434.9,434.27 1 1
github.com/amatsagu/dema/tx.go:435.3,435.45 1 1
github.com/amatsagu/dema/tx.go:436.4,437.1 1 0
github.com/amatsagu/dema/tx.go:440.2,440.16 1 1
github.com/amatsagu/dema/tx.go:441.3,441.46 1 1
github.com/amatsagu/dema/tx.go:442.4,443.18 2 1
github.com/amatsagu/dema/tx.go:444.5,445.1 1 1
github.com/amatsagu/dema/tx.go:446.4,446.30 1 1
github.com/amatsagu/dema/tx.go:447.5,451.1 1 1
github.com/amatsagu/dema/tx.go:452.4,452.29 1 1
github.com/amatsagu/dema/tx.go:453.5,455.62 3 1
github.com/amatsagu/dema/tx.go:456.6,460.1 1 1
github.com/amatsagu/dema/tx.go:461.5,461.31 1 1
github.com/amatsagu/dema/tx.go:463.4,463.58 1 1
github.com/amatsagu/dema/tx.go:467.2,468.37 2 1
github.com/amatsagu/dema/tx.go:469.3,473.1 1 0
github.com/amatsagu/dema/tx.go:475.2,478.16 4 1
github.com/amatsagu/dema/tx.go:479.3,480.1 1 0
github.com/amatsagu/dema/tx.go:482.2,482.27 1 1
github.com/amatsagu/dema/tx.go:483.3,485.60 3 0
github.com/amatsagu/dema/tx.go:486.4,490.1 1 0
github.com/amatsagu/dema/tx.go:491.3,491.25 1 0
github.com/amatsagu/dema/tx.go:494.2,494.58 1 1
github.com/amatsagu/dema/tx.go:503.2,506.1 1 1
github.com/amatsagu/dema/tx.go:510.2,512.1 2 1
github.com/amatsagu/dema/tx.go:515.2,515.43 1 1
github.com/amatsagu/dema/tx.go:516.3,517.1 1 1
github.com/amatsagu/dema/tx.go:519.2,520.23 2 1
github.com/amatsagu/dema/tx.go:521.3,522.1 1 1
github.com/amatsagu/dema/tx.go:524.2,526.35 3 1
github.com/amatsagu/dema/tx.go:527.3,528.1 1 1
github.com/amatsagu/dema/tx.go:530.2,531.16 2 1
github.com/amatsagu/dema/tx.go:532.3,533.1 1 1
github.com/amatsagu/dema/tx.go:535.2,535.27 1 1
github.com/amatsagu/dema/tx.go:536.3,540.1 1 1
github.com/amatsagu/dema/tx.go:542.2,542.27 1 1
github.com/amatsagu/dema/tx.go:543.3,543.45 1 1
github.com/amatsagu/dema/tx.go:544.4,548.1 1 1
github.com/amatsagu/dema/tx.go:551.2,551.59 1 1
github.com/amatsagu/dema/tx.go:555.2,555.41 1 1
github.com/amatsagu/dema/tx.go:556.3,557.1 1 1
github.com/amatsagu/dema/tx.go:559.2,561.35 3 1
github.com/amatsagu/dema/tx.go:562.3,563.1 1 1
github.com/amatsagu/dema/tx.go:565.2,566.16 2 1
github.com/amatsagu/dema/tx.go:567.3,568.1 1 1
github.com/amatsagu/dema/tx.go:570.2,570.64 1 1
github.com/amatsagu/dema/tx.go:574.2,574.41 1 1
github.com/amatsagu/dema/tx.go:575.3,576.1 1 1
github.com/amatsagu/dema/tx.go:578.2,578.56 1 1
github.com/amatsagu/dema/update.go:33.2,35.49 3 1
github.com/amatsagu/dema/update.go:36.3,37.1 1 1
github.com/amatsagu/dema/update.go:38.2,39.16 2 1
github.com/amatsagu/dema/update.go:40.3,41.1 1 1
github.com/amatsagu/dema/update.go:42.2,45.1 2 1
github.com/amatsagu/dema/update.go:46.2,46.19 2 1
github.com/amatsagu/dema/update.go:47.3,49.1 2 1
github.com/amatsagu/dema/update.go:50.2,50.10 1 1
github.com/amatsagu/dema/update.go:54.2,55.19 2 1
github.com/amatsagu/dema/update.go:57.3,57.13 1 1
github.com/amatsagu/dema/update.go:59.3,59.13 1 1
github.com/amatsagu/dema/update.go:61.3,61.13 1 0
github.com/amatsagu/dema/update.go:63.3,63.13 1 0
github.com/amatsagu/dema/update.go:65.3,65.31 1 0
github.com/amatsagu/dema/update.go:67.2,68.10 2 1
github.com/amatsagu/dema/update.go:72.2,74.1 2 1
github.com/amatsagu/dema/update.go:77.2,80.1 3 1
github.com/amatsagu/dema/update.go:83.2,85.1 3 1
github.com/amatsagu/dema/update.go:86.2,86.27 3 1
github.com/amatsagu/dema/update.go:87.3,87.26 1 1
github.com/amatsagu/dema/update.go:89.4,89.16 1 1
github.com/amatsagu/dema/update.go:90.5,91.1 1 1
github.com/amatsagu/dema/update.go:93.4,93.13 1 1
github.com/amatsagu/dema/update.go:97.2,98.18 2 1
github.com/amatsagu/dema/update.go:99.3,101.50 3 1
github.com/amatsagu/dema/update.go:102.4,103.1 1 0
github.com/amatsagu/dema/update.go:104.3,106.17 3 1
github.com/amatsagu/dema/update.go:107.4,108.1 1 1
github.com/amatsagu/dema/update.go:111.2,112.16 2 1
github.com/amatsagu/dema/update.go:113.3,117.1 1 1
github.com/amatsagu/dema/update.go:118.2,119.1 2 1
github.com/amatsagu/dema/update.go:120.2,120.46 2 1
github.com/amatsagu/dema/update.go:124.2,124.14 1 1
github.com/amatsagu/dema/update.go:125.3,125.28 1 1
github.com/amatsagu/dema/update.go:126.4,127.51 2 1
github.com/amatsagu/dema/update.go:128.5,132.1 1 1
github.com/amatsagu/dema/update.go:133.4,133.19 1 0
github.com/amatsagu/dema/update.go:135.3,135.53 1 1
github.com/amatsagu/dema/update.go:138.2,138.20 1 1
github.com/amatsagu/dema/update.go:139.3,143.1 1 1
github.com/amatsagu/dema/update.go:145.2,145.19 1 1
github.com/amatsagu/dema/update.go:146.3,150.1 1 1
github.com/amatsagu/dema/update.go:152.2,152.27 1 1
github.com/amatsagu/dema/update.go:153.3,153.45 1 1
github.com/amatsagu/dema/update.go:154.4,158.1 1 1
github.com/amatsagu/dema/update.go:161.2,164.1 9 1
github.com/amatsagu/dema/update.go:165.2,167.1 9 1
github.com/amatsagu/dema/update.go:168.2,171.40 9 1
github.com/amatsagu/dema/update.go:172.3,172.12 1 1
github.com/amatsagu/dema/update.go:173.4,174.1 1 1
github.com/amatsagu/dema/update.go:175.3,177.12 3 1
github.com/amatsagu/dema/update.go:179.4,179.37 1 1
github.com/amatsagu/dema/update.go:181.4,181.37 1 1
github.com/amatsagu/dema/update.go:183.4,183.37 1 0
github.com/amatsagu/dema/update.go:185.4,185.37 1 0
github.com/amatsagu/dema/update.go:187.4,188.27 2 0
github.com/amatsagu/dema/update.go:190.3,193.50 4 1
github.com/amatsagu/dema/update.go:196.2,200.1 7 1
github.com/amatsagu/dema/update.go:201.2,202.1 7 1
github.com/amatsagu/dema/update.go:203.2,204.11 7 1
github.com/amatsagu/dema/update.go:205.3,206.1 1 1
github.com/amatsagu/dema/update.go:207.3,208.1 1 1
github.com/amatsagu/dema/update.go:210.2,210.16 1 1
github.com/amatsagu/dema/update.go:211.3,215.1 1 1
github.com/amatsagu/dema/update.go:216.2,216.12 1 1
github.com/amatsagu/dema/update.go:220.2,220.20 1 1
github.com/amatsagu/dema/update.go:221.3,225.1 1 1
github.com/amatsagu/dema/update.go:227.2,229.20 3 1
github.com/amatsagu/dema/update.go:230.3,231.1 1 1
github.com/amatsagu/dema/update.go:231.9,231.27 1 1
github.com/amatsagu/dema/update.go:232.3,232.45 1 1
github.com/amatsagu/dema/update.go:233.4,233.16 1 1
github.com/amatsagu/dema/update.go:234.5,235.1 1 1
github.com/amatsagu/dema/update.go:236.4,236.17 1 1
github.com/amatsagu/dema/update.go:240.2,240.16 1 1
github.com/amatsagu/dema/update.go:241.3,241.46 1 1
github.com/amatsagu/dema/update.go:242.4,243.18 2 1
github.com/amatsagu/dema/update.go:244.5,245.1 1 1
github.com/amatsagu/dema/update.go:246.4,246.30 1 1
github.com/amatsagu/dema/update.go:247.5,251.1 1 1
github.com/amatsagu/dema/update.go:252.4,252.29 1 1
github.com/amatsagu/dema/update.go:253.5,255.62 3 1
github.com/amatsagu/dema/update.go:256.6,260.1 1 1
github.com/amatsagu/dema/update.go:261.5,261.31 1 1
github.com/amatsagu/dema/update.go:263.4,264.18 2 1
github.com/amatsagu/dema/update.go:265.5,269.1 1 1
github.com/amatsagu/dema/update.go:270.4,271.55 2 1
github.com/amatsagu/dema/update.go:275.2,277.27 3 1
github.com/amatsagu/dema/update.go:278.3,278.17 1 1
github.com/amatsagu/dema/update.go:279.4,279.12 1 0
github.com/amatsagu/dema/update.go:281.3,281.53 1 1
github.com/amatsagu/dema/update.go:282.4,283.12 2 1
github.com/amatsagu/dema/update.go:285.3,286.34 2 1
github.com/amatsagu/dema/update.go:287.4,288.1 1 0
github.com/amatsagu/dema/update.go:289.3,289.33 1 1
github.com/amatsagu/dema/update.go:290.4,292.1 2 1
github.com/amatsagu/dema/update.go:295.2,295.15 1 1
github.com/amatsagu/dema/update.go:296.3,300.1 1 0
github.com/amatsagu/dema/update.go:302.2,304.16 3 1
github.com/amatsagu/dema/update.go:305.3,306.1 1 0
github.com/amatsagu/dema/update.go:308.2,308.27 1 1
github.com/amatsagu/dema/update.go:309.3,311.60 3 0
github.com/amatsagu/dema/update.go:312.4,316.1 1 0
github.com/amatsagu/dema/update.go:317.3,317.25 1 0
github.com/amatsagu/dema/update.go:320.2,321.16 2 1
github.com/amatsagu/dema/update.go:322.3,326.1 1 0
github.com/amatsagu/dema/update.go:327.2,328.1 2 1
github.com/amatsagu/dema/update.go:329.2,329.55 2 1
github.com/amatsagu/dema/update.go:333.2,334.1 1 1
github.com/amatsagu/dema/update.go:337.2,337.23 1 1
github.com/amatsagu/dema/update.go:338.3,341.1 3 1
github.com/amatsagu/dema/update.go:342.2,342.82 1 1
github.com/amatsagu/dema/update.go:346.2,346.28 1 1
github.com/amatsagu/dema/update.go:347.3,351.1 1 0
github.com/amatsagu/dema/update.go:353.2,355.33 3 1
github.com/amatsagu/dema/update.go:356.3,357.1 1 1
github.com/amatsagu/dema/update.go:359.2,362.1 4 1
github.com/amatsagu/dema/update.go:363.2,363.27 4 1
github.com/amatsagu/dema/update.go:364.3,365.17 2 1
github.com/amatsagu/dema/update.go:366.4,370.1 1 1
github.com/amatsagu/dema/update.go:371.3,371.50 1 1
github.com/amatsagu/dema/update.go:374.2,375.11 2 1
github.com/amatsagu/dema/update.go:376.3,377.1 1 1
github.com/amatsagu/dema/update.go:378.3,379.1 1 1
github.com/amatsagu/dema/update.go:381.2,381.16 1 1
github.com/amatsagu/dema/update.go:382.3,386.1 1 1
github.com/amatsagu/dema/update.go:387.2,387.12 1 1
github.com/amatsagu/dema/update.go:391.2,391.27 1 1
github.com/amatsagu/dema/update.go:392.3,392.30 1 1
github.com/amatsagu/dema/update.go:393.4,395.1 2 1
github.com/amatsagu/dema/update.go:397.2,400.43 1 1
